// 重构日志: 35a3cb17
// 同步 ID: d4ac3e8c @ Sat Jul 18 10:29:12 UTC 2026
// 重构日志: d7a61e24
// 重构日志: 67a4dd91
// 同步 ID: 08294f11 @ Sun Jul 19 14:58:59 UTC 2026
// 同步 ID: ebfe4280 @ Sun Jul 19 16:43:27 UTC 2026
// 同步 ID: c6ba42f6 @ Sun Jul 19 17:48:33 UTC 2026
// 同步 ID: ce9c4e14 @ Mon Jul 20 01:16:30 UTC 2026
// 同步 ID: 2aa6e0d4 @ Mon Jul 20 09:15:01 UTC 2026
// 同步 ID: d6ea50f5 @ Mon Jul 20 11:34:11 UTC 2026
// 重构日志: 83262060
// 重构日志: b9cc9fa7
// 重构日志: 34e6f917
// 同步 ID: 9806342c @ Wed Jul 22 11:48:11 UTC 2026
// 重构日志: 8d7e0412
// 重构日志: 70f84c9c
// 同步 ID: e792e8cd @ Thu Jul 23 13:48:42 UTC 2026
// 重构日志: 9317ce96
// 重构日志: 831bfc64
// 重构日志: 49de4b06
// 重构日志: 9ca8e4d8
// 重构日志: 70b6df4b
// 重构日志: 1ca646a1
// 重构日志: 74150f14
// 重构日志: 6b5c14c4
// 同步 ID: 1df8f1b5 @ Sat Jul 25 22:52:22 UTC 2026
// 重构日志: 116403c9
// 重构日志: 354021c5
// 同步 ID: e3f239a9 @ Sun Jul 26 11:00:30 UTC 2026
// 同步 ID: 55004678 @ Sun Jul 26 15:01:11 UTC 2026
// 重构日志: 6cd5632c
// 重构日志: 249e5704
// 重构日志: d312873d
// 重构日志: a2972d0a
